date=2026-09-16T16:26:23Z
commit=43b7fd3
host=arm64 10cpu 32GB
java=openjdk version "21.0.10" 2026-01-20 LTS
k6=k6 v1.0.0 (go1.24.2, darwin/arm64)
go=go version go1.26.0 darwin/arm64
docker=28.0.4
vm_mem_mb: Mem:           7837        3561        2112         365        2164        3725
monticker-kafka: mem_limit=1610612736 cpus=2000000000 image=apache/kafka:3.8.0
monticker-redis: mem_limit=536870912 cpus=1000000000 image=redis:7-alpine
monticker-postgres: mem_limit=1073741824 cpus=2000000000 image=timescale/timescaledb:latest-pg16
[01:26:29] market.ticks 재생성: partitions=12
[01:26:40] api 기동 pid=17595 (SPRING_JPA_SHOW_SQL=false SEARCH_REINDEX_ON_STARTUP=false)
[01:26:46] worker worker 기동 pid=17756 port=58081 (KAFKA_CONSUMER_CONCURRENCY=4)
[01:26:46] gateway 기동 pid=17830 (TICK_SEQ=true)
[01:27:22]   Kafka docker kill (+30s)
[01:27:52]   Kafka docker start (+60s)
[01:28:15]   Kafka healthy +23s
[01:29:58]   m1b-r1: 1 0.0 15.3 45.7 23 27921 1010 1010 1 45699 45704 162
[01:30:04] gateway 기동 pid=19683 (TICK_SEQ=true)
[01:30:39]   Kafka docker kill (+30s)
[01:31:09]   Kafka docker start (+60s)
[01:31:32]   Kafka healthy +23s
[01:33:15]   m1b-r2: 2 0.0 15.4 45.7 23 27941 1010 1010 1 45680 45695 296
[01:33:21] gateway 기동 pid=21534 (TICK_SEQ=true)
[01:33:56]   Kafka docker kill (+30s)
[01:34:27]   Kafka docker start (+60s)
[01:34:49]   Kafka healthy +22s
[01:36:32]   m1b-r3: 3 -0.0 15.3 45.7 22 28038 1010 1010 1 45700 45707 388
[01:36:38] 완료 → /Users/hammac/Projects/monticker/reports/M-001/raw/b-fallback/m1b-summary.tsv
date=2026-09-16T16:36:42Z
commit=43b7fd3
host=arm64 10cpu 32GB
java=openjdk version "21.0.10" 2026-01-20 LTS
k6=k6 v1.0.0 (go1.24.2, darwin/arm64)
go=go version go1.26.0 darwin/arm64
docker=28.0.4
vm_mem_mb: Mem:           7837        3377        2355         369        2106        3904
monticker-kafka: mem_limit=1610612736 cpus=2000000000 image=apache/kafka:3.8.0
monticker-redis: mem_limit=536870912 cpus=1000000000 image=redis:7-alpine
monticker-postgres: mem_limit=1073741824 cpus=2000000000 image=timescale/timescaledb:latest-pg16
[01:36:46] market.ticks 재생성: partitions=12
[01:36:57] api 기동 pid=23525 (SPRING_JPA_SHOW_SQL=false SEARCH_REINDEX_ON_STARTUP=false)
[01:37:03] gateway 기동 pid=23764 ()
[01:38:02] 워밍업 완료
[01:38:20]   느린 연결 1개 (구독 1010개씩) 포트: 56923
[01:39:47]   m1c-S1-r1: 1 3 3 116 151 161 1117 396203 0.2 669 112.0 21210
[01:40:15]   느린 연결 1개 (구독 1010개씩) 포트: 58353
[01:41:43]   m1c-S1-r2: 1 3 3 119 149 158 1114 396084 0.1 647 112.0 21384
[01:42:11]   느린 연결 1개 (구독 1010개씩) 포트: 59787
[01:43:38]   m1c-S1-r3: 1 3 3 120 155 179 1142 396316 0.1 699 112.0 21210
[01:44:06]   느린 연결 25개 (구독 1010개씩) 포트: 61218 61217 61216 61215 61219 61222 61221 61220 61223 61224 
[01:45:34]   m1c-S25-r1: 25 3 4 123 16349 19219 20141 396019 0.2 878 115.0 21312
[01:46:02]   느린 연결 25개 (구독 1010개씩) 포트: 62670 62671 62672 62676 62677 62673 62674 62675 62678 62679 
[01:47:29]   m1c-S25-r2: 25 3 3 128 14337 17239 19017 396187 0.2 921 115.0 21210
[01:47:57]   느린 연결 25개 (구독 1010개씩) 포트: 64154 64153 64155 64156 64157 64158 64160 64159 64165 64173 
[01:49:25]   m1c-S25-r3: 25 3 4 129 16581 19462 21229 395801 0.2 952 116.0 21397
[01:49:35] 완료 → /Users/hammac/Projects/monticker/reports/M-001/raw/c-slow-consumer/m1c-summary.tsv
